
[1m[46m RUN [49m[22m [36mv3.2.4 [39m[90mC:/Users/mjamr/Documents/GitHub/flchrms[39m

 [32m✓[39m src/lib/payroll.test.ts [2m([22m[2m4 tests[22m[2m)[22m[32m 3[2mms[22m[39m
 [32m✓[39m src/lib/permissions.test.ts [2m([22m[2m7 tests[22m[2m)[22m[32m 6[2mms[22m[39m
node.exe : [90mstderr[2m | src/pages/Dashboard.test.tsx[2m > 
[22m[2mDashboard widget action affordance[2m > [22m[2mdoes not render 
Leave Balance widget on dashboard
At line:1 char:1
+ & "C:\Program Files\nodejs/node.exe" "C:\Program Files\nodejs/node_mo ...
+ ~~~~~~~~~~~~~~~~~~~~~~~~~~~~~~~~~~~~~~~~~~~~~~~~~~~~~~~~~~~~~~~~~~~~~
    + CategoryInfo          : NotSpecified: ([90mstderr[2m...et on dashboard 
   :String) [], RemoteException
    + FullyQualifiedErrorId : NativeCommandError
 
[22m[39m⚠️ React Router Future Flag Warning: React Router will begin 
wrapping state updates in `React.startTransition` in v7. You can use the 
`v7_startTransition` future flag to opt-in early. For more information, see 
https://reactrouter.com/v6/upgrading/future#v7_starttransition.
⚠️ React Router Future Flag Warning: Relative route resolution within Splat 
routes is changing in v7. You can use the `v7_relativeSplatPath` future flag 
to opt-in early. For more information, see 
https://reactrouter.com/v6/upgrading/future#v7_relativesplatpath.

[90mstderr[2m | src/components/system/InteractionModeToggle.test.tsx[2m > 
[22m[2mInteractionModeToggle[2m > [22m[2mtoggles a single custom mode as 
a button
[22m[39m⚠️ React Router Future Flag Warning: React Router will begin 
wrapping state updates in `React.startTransition` in v7. You can use the 
`v7_startTransition` future flag to opt-in early. For more information, see 
https://reactrouter.com/v6/upgrading/future#v7_starttransition.
⚠️ React Router Future Flag Warning: Relative route resolution within Splat 
routes is changing in v7. You can use the `v7_relativeSplatPath` future flag 
to opt-in early. For more information, see 
https://reactrouter.com/v6/upgrading/future#v7_relativesplatpath.

 [32m✓[39m src/pages/Dashboard.test.tsx [2m([22m[2m3 tests[22m[2m)[22m[33m 371[2mms[22m[39m
 [32m✓[39m src/components/system/InteractionModeToggle.test.tsx [2m([22m[2m3 tests[22m[2m)[22m[32m 222[2mms[22m[39m
 [32m✓[39m src/pages/TeamCalendar.test.tsx [2m([22m[2m3 tests[22m[2m)[22m[33m 676[2mms[22m[39m
   [33m[2m✓[22m[39m TeamCalendar SectionToolbar and dialog keyboard behavior[2m > [22mchanges month via toolbar controls [33m 322[2mms[22m[39m
 [32m✓[39m src/components/auth/LoginForm.test.tsx [2m([22m[2m8 tests[22m[2m)[22m[33m 455[2mms[22m[39m
 [32m✓[39m src/components/admin/RolesTabSection.test.tsx [2m([22m[2m1 test[22m[2m)[22m[32m 263[2mms[22m[39m
 [32m✓[39m src/components/admin/AdminTabsShell.test.tsx [2m([22m[2m1 test[22m[2m)[22m[33m 410[2mms[22m[39m
   [33m[2m✓[22m[39m AdminTabsShell[2m > [22mrenders all admin tab triggers and nested content [33m 408[2mms[22m[39m
 [32m✓[39m src/pages/Notifications.test.tsx [2m([22m[2m1 test[22m[2m)[22m[32m 293[2mms[22m[39m
 [32m✓[39m src/components/admin/NotificationQueueOpsSection.test.tsx [2m([22m[2m1 test[22m[2m)[22m[33m 418[2mms[22m[39m
   [33m[2m✓[22m[39m NotificationQueueOpsSection status normalization[2m > [22mrenders queue and worker run statuses through shared status labels [33m 416[2mms[22m[39m
 [32m✓[39m src/components/leave/LeaveDialogsModalScaffold.test.tsx [2m([22m[2m3 tests[22m[2m)[22m[33m 463[2mms[22m[39m
 [32m✓[39m src/components/leave/TeamLeaveRequestsTable.test.tsx [2m([22m[2m3 tests[22m[2m)[22m[32m 282[2mms[22m[39m
 [32m✓[39m src/components/admin/AdminDialogsModalScaffold.test.tsx [2m([22m[2m2 tests[22m[2m)[22m[33m 336[2mms[22m[39m
 [32m✓[39m src/components/admin/DepartmentsTabSection.test.tsx [2m([22m[2m2 tests[22m[2m)[22m[32m 260[2mms[22m[39m
 [32m✓[39m src/components/admin/AdminStatsCards.test.tsx [2m([22m[2m3 tests[22m[2m)[22m[32m 159[2mms[22m[39m
 [32m✓[39m src/components/leave/LeaveRequestWorkspace.test.tsx [2m([22m[2m3 tests[22m[2m)[22m[32m 300[2mms[22m[39m
 [32m✓[39m src/components/admin/AdminAccountDialogs.test.tsx [2m([22m[2m1 test[22m[2m)[22m[32m 276[2mms[22m[39m
[90mstderr[2m | src/pages/Admin.test.tsx[2m > [22m[2mAdmin page 
structural composition[2m > [22m[2mrenders workspace tabs before admin 
overview insights section
[22m[39m⚠️ React Router Future Flag Warning: React Router will begin 
wrapping state updates in `React.startTransition` in v7. You can use the 
`v7_startTransition` future flag to opt-in early. For more information, see 
https://reactrouter.com/v6/upgrading/future#v7_starttransition.
⚠️ React Router Future Flag Warning: Relative route resolution within Splat 
routes is changing in v7. You can use the `v7_relativeSplatPath` future flag 
to opt-in early. For more information, see 
https://reactrouter.com/v6/upgrading/future#v7_relativesplatpath.

 [32m✓[39m src/pages/Admin.test.tsx [2m([22m[2m1 test[22m[2m)[22m[32m 220[2mms[22m[39m
 [32m✓[39m src/pages/Employees.test.tsx [2m([22m[2m1 test[22m[2m)[22m[32m 193[2mms[22m[39m
 [32m✓[39m src/components/employees/EmployeeDetailDialog.test.tsx [2m([22m[2m2 tests[22m[2m)[22m[33m 322[2mms[22m[39m
